
> guest-reg-kekehyu@0.0.0 build
> ng build

[33m❯[39m Building...
[32m✔[39m Building...
[35mPrerendered 0 static routes.[39m
Application bundle generation failed. [3.592 seconds] - 2026-04-10T02:53:43.593Z

[1m[33m[33m▲ [43;33m[[43;30mWARNING[43;33m][0m [1mNG8107: NG8107: The left side of this optional chain operation does not include 'null' or 'undefined' in its type, therefore the '?.' operator can be replaced with the '.' operator. Find more at https://v21.angular.dev/extended-diagnostics/NG8107[0m [1m[35m[plugin angular-compiler][0m

    src/app/features/reservations/register/register.component.ts:231:57:
[37m      231 │ ...tAccompanyingGuestsArray.at(i)?.[32mget[37m('validIdPresented')?.value) {
          ╵                                    [32m~~~[0m


[33m▲ [43;33m[[43;30mWARNING[43;33m][0m [1mNG8107: NG8107: The left side of this optional chain operation does not include 'null' or 'undefined' in its type, therefore the '?.' operator can be replaced with the '.' operator. Find more at https://v21.angular.dev/extended-diagnostics/NG8107[0m [1m[35m[plugin angular-compiler][0m

    src/app/features/reservations/statistics/statistics.component.ts:111:55:
[37m      111 │ ...s="summary-value">{{ (stats?.[32mtotal[37m ? stats.total / 365 : 0) | ...
          ╵                                 [32m~~~~~[0m

[39m[22m
[1m[31m[31mX [41;31m[[41;97mERROR[41;31m][0m [1mTS2307: Cannot find module '../../../core/services/reservation.service' or its corresponding type declarations.[0m [1m[35m[plugin angular-compiler][0m

    src/app/features/dashboard/dashboard.component.ts:9:35:
[37m      9 │ ...rvationService } from [32m'../../../core/services/reservation.service'[37m;
        ╵                          [32m~~~~~~~~~~~~~~~~~~~~~~~~~~~~~~~~~~~~~~~~~~~~[0m


[31mX [41;31m[[41;97mERROR[41;31m][0m [1mTS2307: Cannot find module '../../../core/services/auth.service' or its corresponding type declarations.[0m [1m[35m[plugin angular-compiler][0m

    src/app/features/dashboard/dashboard.component.ts:10:28:
[37m      10 │ import { AuthService } from [32m'../../../core/services/auth.service'[37m;
         ╵                             [32m~~~~~~~~~~~~~~~~~~~~~~~~~~~~~~~~~~~~~[0m


[31mX [41;31m[[41;97mERROR[41;31m][0m [1mTS2307: Cannot find module '../../../core/models' or its corresponding type declarations.[0m [1m[35m[plugin angular-compiler][0m

    src/app/features/dashboard/dashboard.component.ts:11:33:
[37m      11 │ import { ReservationStats } from [32m'../../../core/models'[37m;
         ╵                                  [32m~~~~~~~~~~~~~~~~~~~~~~[0m


[31mX [41;31m[[41;97mERROR[41;31m][0m [1mTS2571: Object is of type 'unknown'.[0m [1m[35m[plugin angular-compiler][0m

    src/app/features/dashboard/dashboard.component.ts:254:4:
[37m      254 │     [32mthis.reservationService[37m.getStats().subscribe({
          ╵     [32m~~~~~~~~~~~~~~~~~~~~~~~[0m


[31mX [41;31m[[41;97mERROR[41;31m][0m [1mTS7006: Parameter 'data' implicitly has an 'any' type.[0m [1m[35m[plugin angular-compiler][0m

    src/app/features/dashboard/dashboard.component.ts:255:13:
[37m      255 │       next: ([32mdata[37m) => {
          ╵              [32m~~~~[0m


[31mX [41;31m[[41;97mERROR[41;31m][0m [1mTS2532: Object is possibly 'undefined'.[0m [1m[35m[plugin angular-compiler][0m

    src/app/features/reservations/statistics/statistics.component.ts:111:63:
[37m      111 │ ...ue">{{ (stats?.total ? [32mstats.total / 365[37m : 0) | number: '1.1-1...
          ╵                           [32m~~~~~~~~~~~~~~~~~[0m


[31mX [41;31m[[41;97mERROR[41;31m][0m [1mTS2307: Cannot find module '../../core/services/auth.service' or its corresponding type declarations.[0m [1m[35m[plugin angular-compiler][0m

    src/app/shared/components/layout/layout.component.ts:11:28:
[37m      11 │ import { AuthService } from [32m'../../core/services/auth.service'[37m;
         ╵                             [32m~~~~~~~~~~~~~~~~~~~~~~~~~~~~~~~~~~[0m


[31mX [41;31m[[41;97mERROR[41;31m][0m [1mTS2307: Cannot find module '../../shared/services/toast.service' or its corresponding type declarations.[0m [1m[35m[plugin angular-compiler][0m

    src/app/shared/components/layout/layout.component.ts:12:29:
[37m      12 │ import { ToastService } from [32m'../../shared/services/toast.service'[37m;
         ╵                              [32m~~~~~~~~~~~~~~~~~~~~~~~~~~~~~~~~~~~~~[0m


[31mX [41;31m[[41;97mERROR[41;31m][0m [1mTS2571: Object is of type 'unknown'.[0m [1m[35m[plugin angular-compiler][0m

    src/app/shared/components/layout/layout.component.ts:175:17:
[37m      175 │     const role = [32mthis.authService[37m.getUserRole();
          ╵                  [32m~~~~~~~~~~~~~~~~[0m


[31mX [41;31m[[41;97mERROR[41;31m][0m [1mTS2571: Object is of type 'unknown'.[0m [1m[35m[plugin angular-compiler][0m

    src/app/shared/components/layout/layout.component.ts:184:4:
[37m      184 │     [32mthis.authService[37m.logout();
          ╵     [32m~~~~~~~~~~~~~~~~[0m


[31mX [41;31m[[41;97mERROR[41;31m][0m [1mTS2571: Object is of type 'unknown'.[0m [1m[35m[plugin angular-compiler][0m

    src/app/shared/components/layout/layout.component.ts:185:4:
[37m      185 │     [32mthis.toastService[37m.success('Logged out successfully');
          ╵     [32m~~~~~~~~~~~~~~~~~[0m


[31mX [41;31m[[41;97mERROR[41;31m][0m [1mCould not resolve "@angular/animations/browser"[0m

    node_modules/@angular/platform-browser/fesm2022/animations.mjs:10:20:
[37m      10 │ import * as i1 from [32m'@angular/animations/browser'[37m;
         ╵                     [32m~~~~~~~~~~~~~~~~~~~~~~~~~~~~~[0m

  You can mark the path "@angular/animations/browser" as external to exclude it from the bundle, which will remove this error and leave the unresolved path in the bundle.


[31mX [41;31m[[41;97mERROR[41;31m][0m [1mCould not resolve "../../../core/services/reservation.service"[0m

    src/app/features/dashboard/dashboard.component.ts:9:35:
[37m      9 │ ...rvationService } from [32m'../../../core/services/reservation.service'[37m;
        ╵                          [32m~~~~~~~~~~~~~~~~~~~~~~~~~~~~~~~~~~~~~~~~~~~~[0m


[31mX [41;31m[[41;97mERROR[41;31m][0m [1mCould not resolve "../../../core/services/auth.service"[0m

    src/app/features/dashboard/dashboard.component.ts:10:28:
[37m      10 │ import { AuthService } from [32m'../../../core/services/auth.service'[37m;
         ╵                             [32m~~~~~~~~~~~~~~~~~~~~~~~~~~~~~~~~~~~~~[0m


[31mX [41;31m[[41;97mERROR[41;31m][0m [1mCould not resolve "../../core/services/auth.service"[0m

    src/app/shared/components/layout/layout.component.ts:11:28:
[37m      11 │ import { AuthService } from [32m'../../core/services/auth.service'[37m;
         ╵                             [32m~~~~~~~~~~~~~~~~~~~~~~~~~~~~~~~~~~[0m


[31mX [41;31m[[41;97mERROR[41;31m][0m [1mCould not resolve "../../shared/services/toast.service"[0m

    src/app/shared/components/layout/layout.component.ts:12:29:
[37m      12 │ import { ToastService } from [32m'../../shared/services/toast.service'[37m;
         ╵                              [32m~~~~~~~~~~~~~~~~~~~~~~~~~~~~~~~~~~~~~[0m


[31mX [41;31m[[41;97mERROR[41;31m][0m [1mCould not resolve "@angular/animations/browser"[0m

    node_modules/@angular/platform-browser/fesm2022/animations.mjs:10:20:
[37m      10 │ import * as i1 from [32m'@angular/animations/browser'[37m;
         ╵                     [32m~~~~~~~~~~~~~~~~~~~~~~~~~~~~~[0m

  You can mark the path "@angular/animations/browser" as external to exclude it from the bundle, which will remove this error and leave the unresolved path in the bundle.


[31mX [41;31m[[41;97mERROR[41;31m][0m [1mCould not resolve "../../../core/services/reservation.service"[0m

    src/app/features/dashboard/dashboard.component.ts:9:35:
[37m      9 │ ...rvationService } from [32m'../../../core/services/reservation.service'[37m;
        ╵                          [32m~~~~~~~~~~~~~~~~~~~~~~~~~~~~~~~~~~~~~~~~~~~~[0m


[31mX [41;31m[[41;97mERROR[41;31m][0m [1mCould not resolve "../../../core/services/auth.service"[0m

    src/app/features/dashboard/dashboard.component.ts:10:28:
[37m      10 │ import { AuthService } from [32m'../../../core/services/auth.service'[37m;
         ╵                             [32m~~~~~~~~~~~~~~~~~~~~~~~~~~~~~~~~~~~~~[0m


[31mX [41;31m[[41;97mERROR[41;31m][0m [1mCould not resolve "../../core/services/auth.service"[0m

    src/app/shared/components/layout/layout.component.ts:11:28:
[37m      11 │ import { AuthService } from [32m'../../core/services/auth.service'[37m;
         ╵                             [32m~~~~~~~~~~~~~~~~~~~~~~~~~~~~~~~~~~[0m


[31mX [41;31m[[41;97mERROR[41;31m][0m [1mCould not resolve "../../shared/services/toast.service"[0m

    src/app/shared/components/layout/layout.component.ts:12:29:
[37m      12 │ import { ToastService } from [32m'../../shared/services/toast.service'[37m;
         ╵                              [32m~~~~~~~~~~~~~~~~~~~~~~~~~~~~~~~~~~~~~[0m

[39m[22m
